// Jest Snapshot v1, https://goo.gl/fbAQLP

exports[`tests for favourite list container full screen snapshot test with empty list 1`] = `
<DocumentFragment>
  <div
    class="list-coctails"
  >
    <div
      class="message__list"
      style="opacity: 0;"
    >
      <span
        class="message__list-img"
      >
        <img
          alt="#"
          src="./img/fav_icon.png"
        />
      </span>
      <section>
        <p
          class="header"
        >
          Your list is empty!
        </p>
        <p>
          Add something to your favourite list.
        </p>
        <p>
          Drink responsibly!
        </p>
      </section>
    </div>
  </div>
</DocumentFragment>
`;
